eeschema (2013-jul-07)-stable  >> Creation date: Sat 01 Nov 2014 03:39:31 PM PDT
#Cmp ( order = Reference )
| C1         47uF        
| C2         10uF        
| C3         10uF        
| C4         10uF        
| C5         0.1uF       
| C6         0.1uF       
| C7         0.1uF       
| C8         0.1uF       
| C9         0.1uF       
| C10        0.1uF       
| C11        0.1uF       
| C12        0.1uF       
| C13        0.1uF       
| C14        0.1uF       
| C15        0.1uF       
| C16        0.1uF       
| C17        0.1uF       
| C18        0.1uF       
| C19        0.1uF       
| C20        0.1uF       
| C21        0.1uF       
| C22        0.1uF       
| C23        0.1uF       
| C24        0.1uF       
| C25        0.1uF       
| C26        0.1uF       
| C27        15pF        
| D1         LED         
| D2         LED         
| D3         LED         
| D4         LED         
| D5         LED         
| D6         LED         
| D7         LED         
| D8         LED         
| D9         LED         
| GS3        GS2         
| GS4        GS2         
| GS5        GS2         
| P1         CONN_2      
| P2         CONN_20X2   
| P3         CONN_20X2   
| P4         CONN_7X2    
| P23        CONN_4      
| P100       GND         
| P101       VCC AUX +3.3 V
| R1         2.4k        
| R2         NC          
| R3         NC          
| R4         NC          
| R5         NC          
| R6         NC          
| R7         NC          
| R8         4.7k        
| R9         2.4k        
| R10        4.7K        
| R11        10K         
| R12        1K          
| R13        10K         
| R14        4.7K        
| R15        4.7K        
| R16        2.4k        
| R17        4.7k        
| R100       330         
| R101       330         
| R102       330         
| R103       330         
| R104       330         
| R105       330         
| R106       330         
| R107       330         
| SW1        SW_PUSH     
| SW2        SW_PUSH     
| SW3        SW_PUSH     
| SW4        SW_PUSH     
| U1         LM317       
| U2         LM317       
| U3         LM317       
| U4         XC6SLX9-2TQG144C
| U5         FXO-HC536R  
| U6         M25P16      
#End Cmp

#Cmp ( order = Value )
| 15pF         C27       
| 0.1uF        C5        
| 0.1uF        C6        
| 0.1uF        C7        
| 0.1uF        C8        
| 0.1uF        C9        
| 0.1uF        C10       
| 0.1uF        C11       
| 0.1uF        C12       
| 0.1uF        C13       
| 0.1uF        C14       
| 0.1uF        C15       
| 0.1uF        C16       
| 0.1uF        C17       
| 0.1uF        C18       
| 0.1uF        C19       
| 0.1uF        C20       
| 0.1uF        C21       
| 0.1uF        C22       
| 0.1uF        C23       
| 0.1uF        C24       
| 0.1uF        C25       
| 0.1uF        C26       
| 10uF         C2        
| 10uF         C3        
| 10uF         C4        
| 47uF         C1        
| LED          D1        
| LED          D2        
| LED          D3        
| LED          D4        
| LED          D5        
| LED          D6        
| LED          D7        
| LED          D8        
| LED          D9        
| GS2          GS3       
| GS2          GS4       
| GS2          GS5       
| CONN_2       P1        
| CONN_20X2    P2        
| CONN_20X2    P3        
| CONN_7X2     P4        
| CONN_4       P23       
| GND          P100      
| VCC AUX +3.3 V P101      
| 330          R100      
| 330          R101      
| 330          R102      
| 330          R103      
| 330          R104      
| 330          R105      
| 330          R106      
| 330          R107      
| 1K           R12       
| 2.4k         R1        
| 2.4k         R9        
| 2.4k         R16       
| 4.7K         R10       
| 4.7K         R14       
| 4.7K         R15       
| 4.7k         R8        
| 4.7k         R17       
| 10K          R11       
| 10K          R13       
| NC           R2        
| NC           R3        
| NC           R4        
| NC           R5        
| NC           R6        
| NC           R7        
| SW_PUSH      SW1       
| SW_PUSH      SW2       
| SW_PUSH      SW3       
| SW_PUSH      SW4       
| XC6SLX9-2TQG144C U4        
| LM317        U1        
| LM317        U2        
| LM317        U3        
| FXO-HC536R   U5        
| M25P16       U6        
#End Cmp

#End List
